ENTER I
EXIT  I
ENTER w
EXIT  w
ENTER O
EXIT  O
ENTER M
EXIT  M
ENTER M
EXIT  M
ENTER M
EXIT  M
ENTER M
EXIT  M
ENTER M
EXIT  M
ENTER M
EXIT  M
ENTER M
EXIT  M
ENTER M
EXIT  M
ENTER M
EXIT  M
ENTER M
EXIT  M
ENTER M
EXIT  M
ENTER M
EXIT  M
ENTER M
EXIT  M
ENTER M
EXIT  M
ENTER M
EXIT  M
ENTER M
EXIT  M
ENTER M
EXIT  M
ENTER M
EXIT  M
ENTER M
EXIT  M
ENTER M
EXIT  M
ENTER M
EXIT  M
ENTER M
EXIT  M
ENTER M
EXIT  M
ENTER M
EXIT  M
ENTER M
EXIT  M
ENTER M
EXIT  M
ENTER M
EXIT  M
ENTER M
EXIT  M
ENTER M
EXIT  M
ENTER M
EXIT  M
ENTER M
EXIT  M
ENTER M
EXIT  M
ENTER M
EXIT  M
ENTER M
EXIT  M
ENTER M
EXIT  M
ENTER M
EXIT  M
ENTER M
EXIT  M
ENTER M
EXIT  M
ENTER M
EXIT  M
ENTER M
EXIT  M
ENTER M
EXIT  M
ENTER M
EXIT  M
ENTER M
EXIT  M
ENTER M
EXIT  M
ENTER M
EXIT  M
ENTER M
EXIT  M
ENTER M
EXIT  M
ENTER M
EXIT  M
ENTER M
EXIT  M
ENTER M
EXIT  M
ENTER M
EXIT  M
ENTER M
EXIT  M
ENTER M
EXIT  M
ENTER M
EXIT  M
ENTER M
EXIT  M
ENTER M
EXIT  M
ENTER M
EXIT  M
ENTER M
EXIT  M
ENTER M
EXIT  M
ENTER M
EXIT  M
ENTER M
EXIT  M
ENTER M
EXIT  M
ENTER M
EXIT  M
ENTER M
EXIT  M
ENTER M
EXIT  M
ENTER M
EXIT  M
ENTER M
EXIT  M
ENTER M
EXIT  M
ENTER M
EXIT  M
ENTER M
EXIT  M
ENTER M
EXIT  M
ENTER M
EXIT  M
ENTER M
EXIT  M
ENTER M
EXIT  M
ENTER M
EXIT  M
ENTER M
EXIT  M
ENTER M
EXIT  M
ENTER M
EXIT  M
ENTER M
EXIT  M
ENTER M
EXIT  M
ENTER M
EXIT  M
ENTER M
EXIT  M
ENTER M
EXIT  M
ENTER M
EXIT  M
ENTER M
EXIT  M
ENTER M
EXIT  M
ENTER M
EXIT  M
ENTER M
EXIT  M
ENTER M
EXIT  M
ENTER M
EXIT  M
ENTER M
EXIT  M
ENTER M
EXIT  M
ENTER M
EXIT  M
ENTER M
EXIT  M
ENTER M
EXIT  M
ENTER M
EXIT  M
ENTER M
EXIT  M
ENTER M
EXIT  M
